// Jest Snapshot v1, https://goo.gl/fbAQLP

exports[`HeaderEgg component: Should render 1`] = `
<Component
  onPress={[Function]}
  style={
    Object {
      "color": "grey",
      "fontSize": 20,
      "paddingRight": 10,
    }
  }
>
  +
  <Icon
    allowFontScaling={false}
    color="grey"
    name="ios-egg"
    size={12}
    style={
      Object {
        "color": "grey",
        "fontSize": 25,
      }
    }
  />
</Component>
`;
