// Jest Snapshot v1, https://goo.gl/fbAQLP

exports[`DatePicker renders with all props supplied 1`] = `
<Styled(ViewNB)
  style={
    Object {
      "alignItems": "center",
      "borderBottomColor": "#D9D5DC",
      "borderBottomWidth": 1,
      "flexDirection": "row",
    }
  }
>
  <CommonLabel
    style={null}
    text="Date:"
  />
  <Styled(ViewNB)
    style={
      Object {
        "flex": 1,
      }
    }
  >
    <DatePicker
      androidMode="default"
      animationType="fade"
      defaultDate={2018-08-31T04:00:00.000Z}
      formatChosenDate={[Function]}
      locale="en"
      maximumDate={2018-12-31T05:00:00.000Z}
      minimumDate={2016-09-16T00:00:00.000Z}
      modalTransparent={true}
      onDateChange={[Function]}
      placeHolderTextStyle={
        Object {
          "color": "#575757",
        }
      }
    />
  </Styled(ViewNB)>
  <Styled(Button)
    onPress={[Function]}
    transparent={true}
  >
    <Styled(Icon)
      name="close-circle"
      style={
        Object {
          "color": "#000",
        }
      }
    />
  </Styled(Button)>
</Styled(ViewNB)>
`;
