// Jest Snapshot v1, https://goo.gl/fbAQLP

exports[`FlockStats component: FlockStats connected component renders 1`] = `
<FlockStatsRenderer
  stats={
    Object {
      "averageNumber": 7.566666666666666,
      "averageWeight": 63.841904761904786,
      "eggsPerChicken": Object {
        "chicken1": 78,
        "chicken2": 62,
        "chicken3": 33,
        "chicken4": 49,
        "unknown": 5,
      },
      "eggsPerPeriod": Object {
        "2017-11": Object {
          "byChicken": Object {
            "chicken3": 1,
          },
          "total": 1,
        },
        "2018-02": Object {
          "byChicken": Object {
            "chicken1": 17,
            "chicken2": 14,
            "chicken3": 7,
            "unknown": 5,
          },
          "total": 43,
        },
        "2018-03": Object {
          "byChicken": Object {
            "chicken1": 25,
            "chicken2": 20,
            "chicken3": 14,
            "chicken4": 19,
          },
          "total": 78,
        },
        "2018-04": Object {
          "byChicken": Object {
            "chicken1": 24,
            "chicken2": 20,
            "chicken3": 11,
            "chicken4": 22,
          },
          "total": 77,
        },
        "2018-05": Object {
          "byChicken": Object {
            "chicken1": 12,
            "chicken2": 8,
            "chicken4": 8,
          },
          "total": 28,
        },
      },
      "firstEgg": "2017-11-16",
      "heaviest": Object {
        "chickenId": "chicken1",
        "chickenName": "Chicken1",
        "date": "2018-02-13",
        "modified": "2018-02-13T13:45:46.640Z",
        "userId": "user1",
        "weight": "73.5",
      },
      "mostEggs": "chicken1",
      "total": 227,
    }
  }
/>
`;

exports[`FlockStats component: FlockStatsRenderer renders 1`] = `
<ScrollView>
  <Component>
    {
  "total": 100,
  "heaviest": null,
  "averageWeight": 60,
  "averageNumber": 2,
  "mostEggs": "chicken1",
  "eggsPerChicken": {
    "chicken1": 10,
    "chicken2": 8
  },
  "eggsPerPeriod": {
    "2018-08": {
      "total": 10,
      "byChicken": {
        "chicken1": 5
      }
    }
  }
}
  </Component>
</ScrollView>
`;
