// Jest Snapshot v1, https://goo.gl/fbAQLP

exports[`Calender component: Should render 1`] = `
<CalendarRenderer
  dates={
    Object {
      "date": "2018-08",
      "nextDate": null,
      "previousDate": "2018-07",
    }
  }
  eggs={
    Object {
      "egg1": Object {
        "chickenId": "chicken1",
        "chickenName": "Bossie",
        "damaged": false,
        "date": "2018-08-01",
        "modified": "2018-01-12T18:05:54.806Z",
        "notes": "This was the record setting egg from May 2017, real egg was 66.1g on this day",
        "userId": "MVQUEcoTaVUhUdo2ZS0zsIE6tn93",
        "weight": 88.1,
      },
      "egg3": Object {
        "chickenId": "chicken1",
        "chickenName": "Bossie",
        "damaged": false,
        "date": "2018-08-02",
        "modified": "2018-08-02T18:05:54.806Z",
        "notes": "",
        "userId": "MVQUEcoTaVUhUdo2ZS0zsIE6tn93",
        "weight": 68.1,
      },
    }
  }
  navigation={
    Object {
      "getParam": [MockFunction] {
        "calls": Array [
          Array [
            "date",
            "2018-08",
          ],
        ],
        "results": Array [
          Object {
            "isThrow": false,
            "value": "2018-08",
          },
        ],
      },
    }
  }
  stats={
    Object {
      "averageNumber": 0.3333333333333333,
      "averageWeight": 78.1,
      "eggsPerChicken": Object {
        "chicken1": 2,
      },
      "firstEgg": "2018-08-01",
      "heaviest": Object {
        "chickenId": "chicken1",
        "chickenName": "Bossie",
        "damaged": false,
        "date": "2018-08-01",
        "modified": "2018-01-12T18:05:54.806Z",
        "notes": "This was the record setting egg from May 2017, real egg was 66.1g on this day",
        "userId": "MVQUEcoTaVUhUdo2ZS0zsIE6tn93",
        "weight": 88.1,
      },
      "mostEggs": "chicken1",
      "total": undefined,
    }
  }
/>
`;
