// Jest Snapshot v1, https://goo.gl/fbAQLP

exports[`Calender component: Should render 1`] = `
<CalendarRenderer
  calendarData={
    Object {
      "2018-04-29": Object {},
      "2018-04-30": Object {},
      "2018-05-01": Object {
        "byChicken": Object {
          "chicken1": 1,
          "chicken2": 1,
          "chicken4": 1,
        },
        "total": 3,
      },
      "2018-05-02": Object {
        "byChicken": Object {
          "chicken1": 1,
          "chicken2": 1,
          "chicken4": 1,
        },
        "total": 3,
      },
      "2018-05-03": Object {
        "byChicken": Object {
          "chicken1": 1,
          "chicken2": 1,
        },
        "total": 2,
      },
      "2018-05-04": Object {
        "byChicken": Object {
          "chicken1": 1,
          "chicken4": 1,
        },
        "total": 2,
      },
      "2018-05-05": Object {
        "byChicken": Object {
          "chicken1": 1,
          "chicken2": 1,
        },
        "hasNote": true,
        "total": 2,
      },
      "2018-05-06": Object {
        "byChicken": Object {
          "chicken1": 1,
          "chicken4": 1,
        },
        "hasNote": true,
        "total": 2,
      },
      "2018-05-07": Object {
        "byChicken": Object {
          "chicken1": 1,
          "chicken4": 1,
        },
        "total": 2,
      },
      "2018-05-08": Object {
        "byChicken": Object {
          "chicken1": 1,
          "chicken2": 1,
        },
        "total": 2,
      },
      "2018-05-09": Object {
        "byChicken": Object {
          "chicken1": 1,
          "chicken2": 1,
          "chicken4": 1,
        },
        "total": 3,
      },
      "2018-05-10": Object {
        "byChicken": Object {
          "chicken2": 1,
          "chicken4": 1,
        },
        "hasNote": true,
        "total": 2,
      },
      "2018-05-11": Object {
        "byChicken": Object {
          "chicken1": 1,
          "chicken2": 1,
        },
        "total": 2,
      },
      "2018-05-12": Object {
        "byChicken": Object {
          "chicken1": 1,
          "chicken4": 1,
        },
        "hasNote": true,
        "total": 2,
      },
      "2018-05-13": Object {
        "byChicken": Object {
          "chicken1": 1,
        },
        "total": 1,
      },
      "2018-05-14": Object {},
      "2018-05-15": Object {},
      "2018-05-16": Object {},
      "2018-05-17": Object {},
      "2018-05-18": Object {},
      "2018-05-19": Object {},
      "2018-05-20": Object {},
      "2018-05-21": Object {},
      "2018-05-22": Object {},
      "2018-05-23": Object {},
      "2018-05-24": Object {},
      "2018-05-25": Object {},
      "2018-05-26": Object {},
      "2018-05-27": Object {},
      "2018-05-28": Object {},
      "2018-05-29": Object {},
      "2018-05-30": Object {},
      "2018-05-31": Object {},
      "2018-06-01": Object {},
      "2018-06-02": Object {},
    }
  }
  chickens={
    Object {
      "chicken1": Object {
        "breed": "Cuckoo Maran",
        "hatched": "2016-10-05",
        "name": "Chicken1",
        "photoPath": "uploads/user:user1/flock:flock1/1BD434AA-4A5D-40A9-A97A-C3D64FC8B841.jpeg",
        "photoUrl": "https://firebasestorage.googleapis.com/v0/b/cluckr-prod.appspot.com/o/uploads%2Fuser%3AvEFMHqRcozMSriuqeJNKlCXnGMr2%2Fflock%3Aflock1%2F1BD434AA-4A5D-40A9-A97A-C3D64FC8B841.jpeg?alt=media&token=029f7593-9ed3-481e-8dc6-5d3c38844180",
        "thumbnailPath": "uploads/user:user1/flock:flock1/thumb_1BD434AA-4A5D-40A9-A97A-C3D64FC8B841.jpeg",
        "thumbnailUrl": "https://firebasestorage.googleapis.com/v0/b/cluckr-prod.appspot.com/o/uploads%2Fuser%3AvEFMHqRcozMSriuqeJNKlCXnGMr2%2Fflock%3Aflock1%2Fthumb_1BD434AA-4A5D-40A9-A97A-C3D64FC8B841.jpeg?alt=media&token=689dfae8-c034-46ae-9984-db5c4ee3fe72",
      },
      "chicken2": Object {
        "breed": "Black Australorpe",
        "hatched": "2016-10-05",
        "name": "Chicken2",
        "photoPath": "uploads/user:user1/flock:flock1/8BF48E4E-F5EF-4DCC-91C1-746CF33586FB.jpeg",
        "photoUrl": "https://firebasestorage.googleapis.com/v0/b/cluckr-prod.appspot.com/o/uploads%2Fuser%3AvEFMHqRcozMSriuqeJNKlCXnGMr2%2Fflock%3Aflock1%2F8BF48E4E-F5EF-4DCC-91C1-746CF33586FB.jpeg?alt=media&token=0ae6a73d-7027-4d18-8ab2-3f40340496c5",
        "thumbnailPath": "uploads/user:user1/flock:flock1/thumb_8BF48E4E-F5EF-4DCC-91C1-746CF33586FB.jpeg",
        "thumbnailUrl": "https://firebasestorage.googleapis.com/v0/b/cluckr-prod.appspot.com/o/uploads%2Fuser%3AvEFMHqRcozMSriuqeJNKlCXnGMr2%2Fflock%3Aflock1%2Fthumb_8BF48E4E-F5EF-4DCC-91C1-746CF33586FB.jpeg?alt=media&token=0e0d4dea-5104-4cfe-9a49-f87d4b412e24",
      },
      "chicken3": Object {
        "breed": "Welsummer",
        "hatched": "2016-10-05",
        "name": "Chicken3",
        "photoPath": "uploads/user:user1/flock:flock1/1A2F5FA5-FE29-4D43-9E4A-E44F19CE44B9.jpeg",
        "photoUrl": "https://firebasestorage.googleapis.com/v0/b/cluckr-prod.appspot.com/o/uploads%2Fuser%3AvEFMHqRcozMSriuqeJNKlCXnGMr2%2Fflock%3Aflock1%2F1A2F5FA5-FE29-4D43-9E4A-E44F19CE44B9.jpeg?alt=media&token=54a9eb90-7a2a-4370-a030-7cb3fa3bb738",
        "thumbnailPath": "uploads/user:user1/flock:flock1/thumb_1A2F5FA5-FE29-4D43-9E4A-E44F19CE44B9.jpeg",
        "thumbnailUrl": "https://firebasestorage.googleapis.com/v0/b/cluckr-prod.appspot.com/o/uploads%2Fuser%3AvEFMHqRcozMSriuqeJNKlCXnGMr2%2Fflock%3Aflock1%2Fthumb_1A2F5FA5-FE29-4D43-9E4A-E44F19CE44B9.jpeg?alt=media&token=708ffb11-4a0a-4dab-9633-27a2c0c74d18",
      },
      "chicken4": Object {
        "breed": "Welsummer",
        "hatched": "2016-10-05",
        "name": "Chicken4",
        "photoPath": "uploads/user:user1/flock:flock1/9B6AF4A8-B948-4BF1-AEB6-9D78AD9A382E.jpeg",
        "photoUrl": "https://firebasestorage.googleapis.com/v0/b/cluckr-prod.appspot.com/o/uploads%2Fuser%3AvEFMHqRcozMSriuqeJNKlCXnGMr2%2Fflock%3Aflock1%2F9B6AF4A8-B948-4BF1-AEB6-9D78AD9A382E.jpeg?alt=media&token=77141d6f-bb85-4174-817b-ad2cad174315",
        "thumbnailPath": "uploads/user:user1/flock:flock1/thumb_9B6AF4A8-B948-4BF1-AEB6-9D78AD9A382E.jpeg",
        "thumbnailUrl": "https://firebasestorage.googleapis.com/v0/b/cluckr-prod.appspot.com/o/uploads%2Fuser%3AvEFMHqRcozMSriuqeJNKlCXnGMr2%2Fflock%3Aflock1%2Fthumb_9B6AF4A8-B948-4BF1-AEB6-9D78AD9A382E.jpeg?alt=media&token=baa3c541-626a-45e7-b75c-1eab00454476",
      },
    }
  }
  dates={
    Object {
      "date": "2018-05",
      "nextDate": "2018-06",
      "now": "2018-05",
      "previousDate": "2018-04",
    }
  }
  navigation={
    Object {
      "getParam": [MockFunction] {
        "calls": Array [
          Array [
            "date",
            "2018-05",
          ],
        ],
        "results": Array [
          Object {
            "isThrow": false,
            "value": "2018-05",
          },
        ],
      },
    }
  }
  stats={
    Object {
      "averageNumber": 1.8666666666666667,
      "averageWeight": 65.21428571428572,
      "eggsPerChicken": Object {
        "chicken1": 12,
        "chicken2": 8,
        "chicken4": 8,
      },
      "eggsPerPeriod": Object {
        "2018-05-01": Object {
          "byChicken": Object {
            "chicken1": 1,
            "chicken2": 1,
            "chicken4": 1,
          },
          "total": 3,
        },
        "2018-05-02": Object {
          "byChicken": Object {
            "chicken1": 1,
            "chicken2": 1,
            "chicken4": 1,
          },
          "total": 3,
        },
        "2018-05-03": Object {
          "byChicken": Object {
            "chicken1": 1,
            "chicken2": 1,
          },
          "total": 2,
        },
        "2018-05-04": Object {
          "byChicken": Object {
            "chicken1": 1,
            "chicken4": 1,
          },
          "total": 2,
        },
        "2018-05-05": Object {
          "byChicken": Object {
            "chicken1": 1,
            "chicken2": 1,
          },
          "hasNote": true,
          "total": 2,
        },
        "2018-05-06": Object {
          "byChicken": Object {
            "chicken1": 1,
            "chicken4": 1,
          },
          "hasNote": true,
          "total": 2,
        },
        "2018-05-07": Object {
          "byChicken": Object {
            "chicken1": 1,
            "chicken4": 1,
          },
          "total": 2,
        },
        "2018-05-08": Object {
          "byChicken": Object {
            "chicken1": 1,
            "chicken2": 1,
          },
          "total": 2,
        },
        "2018-05-09": Object {
          "byChicken": Object {
            "chicken1": 1,
            "chicken2": 1,
            "chicken4": 1,
          },
          "total": 3,
        },
        "2018-05-10": Object {
          "byChicken": Object {
            "chicken2": 1,
            "chicken4": 1,
          },
          "hasNote": true,
          "total": 2,
        },
        "2018-05-11": Object {
          "byChicken": Object {
            "chicken1": 1,
            "chicken2": 1,
          },
          "total": 2,
        },
        "2018-05-12": Object {
          "byChicken": Object {
            "chicken1": 1,
            "chicken4": 1,
          },
          "hasNote": true,
          "total": 2,
        },
        "2018-05-13": Object {
          "byChicken": Object {
            "chicken1": 1,
          },
          "total": 1,
        },
      },
      "firstEgg": "2018-05-01",
      "heaviest": Object {
        "chickenId": "chicken1",
        "chickenName": "Chicken1",
        "date": "2018-05-01",
        "modified": "2018-05-01T19:09:21.715Z",
        "userId": "user1",
        "weight": "71.4",
      },
      "mostEggs": "chicken1",
      "total": 28,
    }
  }
/>
`;
