// Jest Snapshot v1, https://goo.gl/fbAQLP

exports[`CalendarDay component: Should render correctly 1`] = `
<Component
  style={
    Object {
      "alignItems": "center",
      "flex": 1,
      "justifyContent": "center",
    }
  }
>
  <Component
    style={
      Object {
        "fontSize": 30,
      }
    }
  >
    Todays Eggs
  </Component>
  <Button
    onPress={[Function]}
    title="Back to Month"
  />
</Component>
`;
