// Jest Snapshot v1, https://goo.gl/fbAQLP

exports[`CalendarDay component: Should render correctly 1`] = `
<CalendarDayRenderer
  dates={
    Object {
      "date": "2018-05-09",
      "nextDate": "2018-05-10",
      "previousDate": "2018-05-08",
    }
  }
  eggs={
    Object {
      "-LC69LTsjA1pbkt1wIFo": Object {
        "chickenId": "chicken2",
        "chickenName": "Chicken2",
        "date": "2018-05-09",
        "modified": "2018-05-09T23:08:05.971Z",
        "userId": "user1",
        "weight": "62",
      },
      "-LC69OfuZkBwGOm7xntV": Object {
        "chickenId": "chicken1",
        "chickenName": "Chicken1",
        "date": "2018-05-09",
        "modified": "2018-05-09T23:08:19.094Z",
        "userId": "user1",
        "weight": "67.6",
      },
      "-LC69RfnS0PF9PWVkUgX": Object {
        "chickenId": "chicken4",
        "chickenName": "Chicken4",
        "date": "2018-05-09",
        "modified": "2018-05-22T23:38:20.234Z",
        "userId": "user1",
        "weight": "63.6",
      },
    }
  }
  navigation={
    Object {
      "getParam": [MockFunction] {
        "calls": Array [
          Array [
            "date",
            "2018-05-15",
          ],
        ],
        "results": Array [
          Object {
            "isThrow": false,
            "value": "2018-05-09",
          },
        ],
      },
    }
  }
  onDeleteEgg={[Function]}
/>
`;
