// Jest Snapshot v1, https://goo.gl/fbAQLP

exports[`SignUp component: Should render 1`] = `
<Component
  style={
    Object {
      "alignItems": "center",
      "flex": 1,
      "justifyContent": "center",
    }
  }
>
  <Component>
    Sign Up Screen
  </Component>
  <Button
    onPress={[Function]}
    title="Sign In"
  />
  <Button
    onPress={[Function]}
    title="Reset Password"
  />
</Component>
`;
