// Jest Snapshot v1, https://goo.gl/fbAQLP

exports[`EggEditor component: Should render 1`] = `
<Component
  style={
    Object {
      "alignItems": "center",
      "flex": 1,
      "justifyContent": "center",
    }
  }
>
  <Component
    style={
      Object {
        "fontSize": 18,
      }
    }
  >
    Edit Egg for chicken ID: chicken1 for date: chicken1
  </Component>
  <Button
    onPress={[Function]}
    title="Dismiss"
  />
</Component>
`;
