// Jest Snapshot v1, https://goo.gl/fbAQLP

exports[`calendar range tests 1`] = `
Object {
  "2018-04-01": Object {
    "byChicken": Object {
      "chicken1": 1,
      "chicken2": 1,
      "chicken3": 1,
    },
    "total": 3,
  },
  "2018-04-02": Object {
    "byChicken": Object {
      "chicken1": 1,
      "chicken4": 1,
    },
    "total": 2,
  },
  "2018-04-03": Object {
    "byChicken": Object {
      "chicken1": 1,
      "chicken2": 1,
      "chicken3": 1,
      "chicken4": 1,
    },
    "total": 4,
  },
  "2018-04-04": Object {
    "byChicken": Object {
      "chicken1": 1,
      "chicken2": 1,
    },
    "total": 2,
  },
  "2018-04-05": Object {
    "byChicken": Object {
      "chicken1": 1,
      "chicken2": 1,
      "chicken4": 1,
    },
    "total": 3,
  },
  "2018-04-06": Object {
    "byChicken": Object {
      "chicken1": 1,
      "chicken4": 1,
    },
    "total": 2,
  },
  "2018-04-07": Object {
    "byChicken": Object {
      "chicken1": 1,
      "chicken2": 1,
      "chicken3": 1,
      "chicken4": 1,
    },
    "total": 4,
  },
  "2018-04-08": Object {
    "byChicken": Object {
      "chicken2": 1,
      "chicken4": 1,
    },
    "total": 2,
  },
  "2018-04-09": Object {
    "byChicken": Object {
      "chicken2": 1,
      "chicken4": 1,
    },
    "total": 2,
  },
  "2018-04-10": Object {
    "byChicken": Object {
      "chicken1": 1,
      "chicken3": 1,
      "chicken4": 1,
    },
    "total": 3,
  },
  "2018-04-11": Object {
    "byChicken": Object {
      "chicken1": 1,
      "chicken2": 1,
      "chicken3": 1,
      "chicken4": 1,
    },
    "total": 4,
  },
  "2018-04-12": Object {
    "byChicken": Object {
      "chicken1": 1,
      "chicken2": 1,
    },
    "total": 2,
  },
  "2018-04-13": Object {
    "byChicken": Object {
      "chicken1": 1,
      "chicken3": 1,
      "chicken4": 1,
    },
    "total": 3,
  },
  "2018-04-14": Object {
    "byChicken": Object {
      "chicken1": 1,
      "chicken2": 1,
      "chicken3": 1,
      "chicken4": 1,
    },
    "total": 4,
  },
  "2018-04-15": Object {
    "byChicken": Object {
      "chicken1": 1,
    },
    "total": 1,
  },
  "2018-04-16": Object {
    "byChicken": Object {
      "chicken1": 1,
      "chicken3": 1,
      "chicken4": 1,
    },
    "total": 3,
  },
  "2018-04-17": Object {
    "byChicken": Object {
      "chicken1": 1,
      "chicken2": 1,
      "chicken3": 1,
      "chicken4": 1,
    },
    "total": 4,
  },
  "2018-04-18": Object {
    "byChicken": Object {
      "chicken1": 1,
      "chicken2": 1,
      "chicken4": 1,
    },
    "total": 3,
  },
  "2018-04-19": Object {
    "byChicken": Object {
      "chicken1": 1,
      "chicken2": 1,
    },
    "total": 2,
  },
  "2018-04-20": Object {
    "byChicken": Object {
      "chicken2": 1,
      "chicken3": 1,
      "chicken4": 1,
    },
    "total": 3,
  },
  "2018-04-21": Object {
    "byChicken": Object {
      "chicken1": 1,
      "chicken2": 1,
      "chicken4": 1,
    },
    "total": 3,
  },
  "2018-04-22": Object {
    "byChicken": Object {
      "chicken1": 1,
    },
    "total": 1,
  },
  "2018-04-23": Object {
    "byChicken": Object {
      "chicken1": 1,
      "chicken2": 1,
      "chicken4": 1,
    },
    "total": 3,
  },
  "2018-04-24": Object {
    "byChicken": Object {
      "chicken2": 1,
      "chicken4": 1,
    },
    "total": 2,
  },
  "2018-04-25": Object {
    "byChicken": Object {
      "chicken1": 1,
      "chicken2": 1,
      "chicken3": 1,
    },
    "total": 3,
  },
  "2018-04-26": Object {
    "byChicken": Object {
      "chicken4": 1,
    },
    "total": 1,
  },
  "2018-04-27": Object {
    "byChicken": Object {
      "chicken1": 1,
      "chicken2": 1,
      "chicken4": 1,
    },
    "total": 3,
  },
  "2018-04-28": Object {
    "byChicken": Object {
      "chicken1": 1,
    },
    "total": 1,
  },
  "2018-04-29": Object {
    "byChicken": Object {
      "chicken4": 1,
    },
    "total": 1,
  },
  "2018-04-30": Object {
    "byChicken": Object {
      "chicken1": 1,
      "chicken2": 1,
      "chicken4": 1,
    },
    "total": 3,
  },
  "2018-05-01": Object {},
  "2018-05-02": Object {},
  "2018-05-03": Object {},
  "2018-05-04": Object {},
  "2018-05-05": Object {},
}
`;
