// Jest Snapshot v1, https://goo.gl/fbAQLP

exports[`Stats Calculator calculate for allTime, full set 1`] = `
Object {
  "averageNumber": 6.166666666666667,
  "averageWeight": 64.09795918367344,
  "eggsPerChicken": Object {
    "chicken1": 36,
    "chicken2": 28,
    "chicken3": 11,
    "chicken4": 31,
    "unknown": 1,
  },
  "eggsPerPeriod": Object {
    "2018-03": Object {
      "byChicken": Object {
        "chicken4": 1,
      },
      "total": 9,
    },
    "2018-04": Object {
      "byChicken": Object {
        "chicken1": 24,
        "chicken2": 20,
        "chicken3": 11,
        "chicken4": 22,
      },
      "hasDamaged": true,
      "total": 218,
    },
    "2018-05": Object {
      "byChicken": Object {
        "chicken1": 12,
        "chicken2": 8,
        "chicken4": 8,
        "unknown": 1,
      },
      "hasDamaged": true,
      "hasNote": true,
      "total": 29,
    },
  },
  "firstEgg": "2018-03-31",
  "heaviest": Object {
    "chickenId": "unknown",
    "date": "2018-05-09",
    "modified": "2018-05-22T23:38:20.234Z",
    "weight": "93.6",
  },
  "mostEggs": "chicken1",
  "total": 256,
}
`;

exports[`Stats Calculator calculate for allTime, only bulk 1`] = `
Object {
  "averageNumber": 2.2,
  "averageWeight": null,
  "eggsPerChicken": Object {},
  "eggsPerPeriod": Object {
    "2018-05": Object {
      "byChicken": Object {},
      "hasNote": true,
      "total": 22,
    },
  },
  "firstEgg": "2018-05-06",
  "heaviest": null,
  "mostEggs": false,
  "total": 22,
}
`;
