// Jest Snapshot v1, https://goo.gl/fbAQLP

exports[`HeaviestEgg renders 1`] = `
<Styled(ViewNB)
  style={
    Object {
      "alignItems": "center",
      "flex": 1,
    }
  }
>
  <Styled(Text)
    style={
      Object {
        "fontSize": 17,
        "fontWeight": "bold",
      }
    }
  >
    Heaviest
  </Styled(Text)>
  <Styled(ViewNB)
    style={
      Array [
        Object {
          "flexDirection": "row",
          "padding": 4,
        },
        Object {
          "backgroundColor": "#eee",
          "flexDirection": "row",
          "padding": 4,
        },
      ]
    }
  >
    <Styled(Text)
      style={
        Object {
          "color": "grey",
          "flex": 1,
          "fontWeight": "bold",
        }
      }
    >
      Chicken
    </Styled(Text)>
    <Styled(Text)
      style={
        Object {
          "color": "grey",
          "fontWeight": "bold",
          "width": 100,
        }
      }
    >
      Weight(g)
    </Styled(Text)>
    <Styled(Text)
      style={
        Object {
          "color": "grey",
          "fontWeight": "bold",
          "width": 100,
        }
      }
    >
      Date
    </Styled(Text)>
  </Styled(ViewNB)>
  <Styled(ViewNB)
    style={
      Object {
        "flexDirection": "row",
        "padding": 4,
      }
    }
  >
    <Styled(Text)
      style={
        Object {
          "flex": 1,
        }
      }
    >
      Bossie
    </Styled(Text)>
    <Styled(Text)
      style={
        Object {
          "width": 100,
        }
      }
    >
      66.6
    </Styled(Text)>
    <Styled(Text)
      style={
        Object {
          "width": 100,
        }
      }
    >
      Aug 1, 2018
    </Styled(Text)>
  </Styled(ViewNB)>
</Styled(ViewNB)>
`;
