// Jest Snapshot v1, https://goo.gl/fbAQLP

exports[`saga tests getChickensUpdate 1`] = `
Object {
  "chickens/flock1/chicken1": Object {
    "breed": "Some Breed",
    "hatched": "2018-10-06",
    "name": "Test Chicken",
  },
}
`;

exports[`saga tests getEggsUpdate 1`] = `
Object {
  "eggs/flock1/egg1": Object {
    "chickenId": "chicken1",
    "chickenName": "Test Chicken",
    "date": "2018-10-06",
  },
}
`;

exports[`saga tests getUserSettingsUpdate 1`] = `
Object {
  "userSettings/userId1": Object {
    "currentFlockId": "flockId1",
    "flocks": Object {
      "flockId1": true,
    },
  },
}
`;

exports[`saga tests root Saga 1`] = `
Object {
  "@@redux-saga/IO": true,
  "ALL": Array [
    GeneratorFunctionPrototype {
      "_invoke": [Function],
    },
    GeneratorFunctionPrototype {
      "_invoke": [Function],
    },
    GeneratorFunctionPrototype {
      "_invoke": [Function],
    },
    GeneratorFunctionPrototype {
      "_invoke": [Function],
    },
    GeneratorFunctionPrototype {
      "_invoke": [Function],
    },
    GeneratorFunctionPrototype {
      "_invoke": [Function],
    },
    GeneratorFunctionPrototype {
      "_invoke": [Function],
    },
    GeneratorFunctionPrototype {
      "_invoke": [Function],
    },
    GeneratorFunctionPrototype {
      "_invoke": [Function],
    },
    GeneratorFunctionPrototype {
      "_invoke": [Function],
    },
    GeneratorFunctionPrototype {
      "_invoke": [Function],
    },
    GeneratorFunctionPrototype {
      "_invoke": [Function],
    },
    GeneratorFunctionPrototype {
      "_invoke": [Function],
    },
    GeneratorFunctionPrototype {
      "_invoke": [Function],
    },
    GeneratorFunctionPrototype {
      "_invoke": [Function],
    },
    GeneratorFunctionPrototype {
      "_invoke": [Function],
    },
    GeneratorFunctionPrototype {
      "_invoke": [Function],
    },
    GeneratorFunctionPrototype {
      "_invoke": [Function],
    },
  ],
}
`;

exports[`saga tests watchSyncFlocks 1`] = `
Object {
  "@@redux-saga/IO": true,
  "FORK": Object {
    "args": Array [
      "SYNC_FLOCKS_REQUESTED",
      [Function],
    ],
    "context": null,
    "fn": [Function],
  },
}
`;
