// Jest Snapshot v1, https://goo.gl/fbAQLP

exports[`saga tests getChickensUpdate 1`] = `
Object {
  "userData/user1/chickens/chicken1": Object {
    "breed": "Some Breed",
    "hatched": "2018-10-06",
    "name": "Test Chicken",
  },
}
`;

exports[`saga tests getEggsUpdate 1`] = `
Object {
  "userData/user1/eggs/egg1": Object {
    "chickenId": "chicken1",
    "chickenName": "Test Chicken",
    "date": "2018-10-06",
  },
}
`;

exports[`saga tests root Saga 1`] = `
Object {
  "@@redux-saga/IO": true,
  "ALL": Array [
    GeneratorFunctionPrototype {
      "_invoke": [Function],
    },
    GeneratorFunctionPrototype {
      "_invoke": [Function],
    },
    GeneratorFunctionPrototype {
      "_invoke": [Function],
    },
    GeneratorFunctionPrototype {
      "_invoke": [Function],
    },
    GeneratorFunctionPrototype {
      "_invoke": [Function],
    },
    GeneratorFunctionPrototype {
      "_invoke": [Function],
    },
    GeneratorFunctionPrototype {
      "_invoke": [Function],
    },
    GeneratorFunctionPrototype {
      "_invoke": [Function],
    },
    GeneratorFunctionPrototype {
      "_invoke": [Function],
    },
    GeneratorFunctionPrototype {
      "_invoke": [Function],
    },
  ],
}
`;
