// Jest Snapshot v1, https://goo.gl/fbAQLP

exports[`Settings component: Should render 1`] = `
<SettingsRenderer
  currentFlockId="flock1"
  flocks={
    Object {
      "flock1": Object {
        "name": "Test Flock 1",
        "ownedBy": "user1",
      },
      "flock2": Object {
        "name": "Test Flock 2",
        "ownedBy": "user1",
      },
    }
  }
  handleChangeText={[Function]}
  handleJoinFlock={[Function]}
  handleSelectFlock={[Function]}
  handleSignOut={[Function]}
  joinError=""
  joinForm={
    Object {
      "error": "",
      "touched": false,
      "value": "",
    }
  }
  userId="user1"
/>
`;
