// Jest Snapshot v1, https://goo.gl/fbAQLP

exports[`App component: Should render Root Navigator when initialized 1`] = `
<Styled(Root)>
  <Connect(ErrorHandler) />
  <NavigationContainer />
</Styled(Root)>
`;

exports[`App component: Should render Splash when not initialized 1`] = `
<Loading
  message="Welcome to Clucker"
/>
`;
