// Jest Snapshot v1, https://goo.gl/fbAQLP

exports[`Chicken component: Should render correctly when chicken ID passed in 1`] = `
<Component
  style={
    Object {
      "alignItems": "center",
      "flex": 1,
      "justifyContent": "center",
    }
  }
>
  <Component
    style={
      Object {
        "fontSize": 30,
      }
    }
  >
    Chicken Profile for chicken ID: chicken1
  </Component>
  <Button
    onPress={[Function]}
    title="Edit Chicken"
  />
  <Button
    onPress={[Function]}
    title="Go Back"
  />
</Component>
`;
