// Jest Snapshot v1, https://goo.gl/fbAQLP

exports[`Separator renders with text 1`] = `
<Styled(Separator)
  style={
    Object {
      "backgroundColor": "#575757",
    }
  }
>
  <Styled(Text)
    style={
      Object {
        "color": "white",
        "fontWeight": "bold",
      }
    }
  >
    Test Message
  </Styled(Text)>
</Styled(Separator)>
`;
